SampleID	Well	Site	Compartment	Rep	Prep	Fwd Barcode	Rvs Barcode	Conc	Amplicon	FPr	RPr	PrimerCombo
PVT.1	H1	Pickle	Rhizosphere	1	Homemade	TCCCTTGTCTCC	GGCCAGTTCCTA	0.744	16S	F1	R1	F1xR1
PVT.2	G1	Pickle	Rhizosphere	2	Homemade	TCCCTTGTCTCC	GATGTTCGCTAG	1.02	16S	F1	R2	F1xR2
PVT.3	F1	Pickle	Rhizosphere	3	Homemade	TCCCTTGTCTCC	CTATCTCCTGTC	0.944	16S	F1	R3	F1xR3
PVT.4	E1	Pickle	Rhizosphere	4	Homemade	TCCCTTGTCTCC	ACTCACAGGAAT	0.58	16S	F1	R4	F1xR4
PVT.5	D1	Pickle	Rhizosphere	5	Homemade	TCCCTTGTCTCC	ATGATGAGCCTC	1.132	16S	F1	R5	F1xR5
PVT.6	C1	Pickle	Rhizosphere	6	Homemade	TCCCTTGTCTCC	GTCGACAGAGGA	1.18	16S	F1	R6	F1xR6
PVT.7	B1	Pickle	Rhizosphere	7	Homemade	TCCCTTGTCTCC	TGTCGCAAATAG	1.772	16S	F1	R7	F1xR7
PVT.8	A1	Pickle	Rhizosphere	8	Homemade	TCCCTTGTCTCC	CATCCCTCTACT	0.636	16S	F1	R8	F1xR8
PVT.9	H2	BFL	Rhizosphere	1	Homemade	ACGAGACTGATT	GGCCAGTTCCTA	0.844	16S	F2	R1	F2xR1
PVT.10	G2	BFL	Rhizosphere	2	Homemade	ACGAGACTGATT	GATGTTCGCTAG	0.956	16S	F2	R2	F2xR2
PVT.11	F2	BFL	Rhizosphere	3	Homemade	ACGAGACTGATT	CTATCTCCTGTC	1.1	16S	F2	R3	F2xR3
PVT.12	E2	BFL	Rhizosphere	4	Homemade	ACGAGACTGATT	ACTCACAGGAAT	0.652	16S	F2	R4	F2xR4
PVT.13	D2	BFL	Rhizosphere	5	Homemade	ACGAGACTGATT	ATGATGAGCCTC	1.188	16S	F2	R5	F2xR5
PVT.14	C2	BFL	Rhizosphere	6	Homemade	ACGAGACTGATT	GTCGACAGAGGA	1.92	16S	F2	R6	F2xR6
PVT.15	B2	BFL	Rhizosphere	7	Homemade	ACGAGACTGATT	TGTCGCAAATAG	1.484	16S	F2	R7	F2xR7
PVT.16	A2	BFL	Rhizosphere	8	Homemade	ACGAGACTGATT	CATCCCTCTACT	1.764	16S	F2	R8	F2xR8
PVT.17	H3	Pickle	Root	1	Homemade	GCTGTACGGATT	GGCCAGTTCCTA	0.736	16S	F3	R1	F3xR1
PVT.18	G3	Pickle	Root	2	Homemade	GCTGTACGGATT	GATGTTCGCTAG	0.964	16S	F3	R2	F3xR2
PVT.19	F3	Pickle	Root	3	Homemade	GCTGTACGGATT	CTATCTCCTGTC	0.548	16S	F3	R3	F3xR3
PVT.20	E3	Pickle	Root	4	Homemade	GCTGTACGGATT	ACTCACAGGAAT	0.2952	16S	F3	R4	F3xR4
PVT.21	D3	Pickle	Root	5	Homemade	GCTGTACGGATT	ATGATGAGCCTC	0.56	16S	F3	R5	F3xR5
PVT.22	C3	Pickle	Root	6	Homemade	GCTGTACGGATT	GTCGACAGAGGA	0.724	16S	F3	R6	F3xR6
PVT.23	B3	Pickle	Root	7	Homemade	GCTGTACGGATT	TGTCGCAAATAG	0.564	16S	F3	R7	F3xR7
PVT.24	A3	Pickle	Root	8	Homemade	GCTGTACGGATT	CATCCCTCTACT	2.364	16S	F3	R8	F3xR8
PVT.25	H4	BFL	Root	1	Homemade	ATCACCAGGTGT	GGCCAGTTCCTA	1.432	16S	F4	R1	F4xR1
PVT.26	G4	BFL	Root	2	Homemade	ATCACCAGGTGT	GATGTTCGCTAG	1.008	16S	F4	R2	F4xR2
PVT.27	F4	BFL	Root	3	Homemade	ATCACCAGGTGT	CTATCTCCTGTC	0.492	16S	F4	R3	F4xR3
PVT.28	E4	BFL	Root	4	Homemade	ATCACCAGGTGT	ACTCACAGGAAT	0.932	16S	F4	R4	F4xR4
PVT.29	D4	BFL	Root	5	Homemade	ATCACCAGGTGT	ATGATGAGCCTC	0.46	16S	F4	R5	F4xR5
PVT.30	C4	BFL	Root	6	Homemade	ATCACCAGGTGT	GTCGACAGAGGA	0.772	16S	F4	R6	F4xR6
PVT.31	B4	BFL	Root	7	Homemade	ATCACCAGGTGT	TGTCGCAAATAG	1.368	16S	F4	R7	F4xR7
PVT.32	A4	BFL	Root	8	Homemade	ATCACCAGGTGT	CATCCCTCTACT	2.156	16S	F4	R8	F4xR8
PVT.33	H5	Temple	Rhizosphere	1	Homemade	TGGTCAACGATA	GGCCAGTTCCTA	0.636	16S	F5	R1	F5xR1
PVT.34	G5	Temple	Rhizosphere	2	Homemade	TGGTCAACGATA	GATGTTCGCTAG	0.624	16S	F5	R2	F5xR2
PVT.35	F5	Temple	Rhizosphere	3	Homemade	TGGTCAACGATA	CTATCTCCTGTC	0.424	16S	F5	R3	F5xR3
PVT.36	E5	Temple	Rhizosphere	4	Homemade	TGGTCAACGATA	ACTCACAGGAAT	0.452	16S	F5	R4	F5xR4
PVT.37	D5	Temple	Rhizosphere	5	Homemade	TGGTCAACGATA	ATGATGAGCCTC	0.484	16S	F5	R5	F5xR5
PVT.38	C5	Temple	Rhizosphere	6	Homemade	TGGTCAACGATA	GTCGACAGAGGA	0.452	16S	F5	R6	F5xR6
PVT.39	B5	Temple	Rhizosphere	7	Homemade	TGGTCAACGATA	TGTCGCAAATAG	0.668	16S	F5	R7	F5xR7
PVT.40	A5	Temple	Rhizosphere	8	Homemade	TGGTCAACGATA	CATCCCTCTACT	0.298	16S	F5	R8	F5xR8
PVT.41	H6	Temple	Root	1	Homemade	ATCGCACAGTAA	GGCCAGTTCCTA	0.652	16S	F6	R1	F6xR1
PVT.42	G6	Temple	Root	2	Homemade	ATCGCACAGTAA	GATGTTCGCTAG	0.544	16S	F6	R2	F6xR2
PVT.43	F6	Temple	Root	3	Homemade	ATCGCACAGTAA	CTATCTCCTGTC	0.3336	16S	F6	R3	F6xR3
PVT.44	E6	Temple	Root	4	Homemade	ATCGCACAGTAA	ACTCACAGGAAT	0.748	16S	F6	R4	F6xR4
PVT.45	D6	Temple	Root	5	Homemade	ATCGCACAGTAA	ATGATGAGCCTC	0.378	16S	F6	R5	F6xR5
PVT.46	C6	Temple	Root	6	Homemade	ATCGCACAGTAA	GTCGACAGAGGA	0.552	16S	F6	R6	F6xR6
PVT.47	B6	Temple	Root	7	Homemade	ATCGCACAGTAA	TGTCGCAAATAG	0.648	16S	F6	R7	F6xR7
PVT.48	A6	Temple	Root	8	Homemade	ATCGCACAGTAA	CATCCCTCTACT	0.576	16S	F6	R8	F6xR8
PVT.49	H7	Temple	Rhizosphere	1	MoBio	GTCGTGTAGCCT	GGCCAGTTCCTA	0.0448	16S	F7	R1	F7xR1
PVT.50	G7	Temple	Rhizosphere	2	MoBio	GTCGTGTAGCCT	GATGTTCGCTAG	0.132	16S	F7	R2	F7xR2
PVT.51	F7	Temple	Rhizosphere	3	MoBio	GTCGTGTAGCCT	CTATCTCCTGTC	0.1828	16S	F7	R3	F7xR3
PVT.52	E7	Temple	Rhizosphere	4	MoBio	GTCGTGTAGCCT	ACTCACAGGAAT	0.202	16S	F7	R4	F7xR4
PVT.53	D7	Temple	Root	1	MoBio	GTCGTGTAGCCT	ATGATGAGCCTC	0.2748	16S	F7	R5	F7xR5
PVT.54	C7	Temple	Root	2	MoBio	GTCGTGTAGCCT	GTCGACAGAGGA	0.3776	16S	F7	R6	F7xR6
PVT.55	B7	Temple	Root	3	MoBio	GTCGTGTAGCCT	TGTCGCAAATAG	1.084	16S	F7	R7	F7xR7
PVT.56	A7	Temple	Root	4	MoBio	GTCGTGTAGCCT	CATCCCTCTACT	2.52	16S	F7	R8	F7xR8
PVT.57	H8	Pickle	Rhizosphere	1	MoBio	AGCGGAGGTTAG	GGCCAGTTCCTA	1.204	16S	F8	R1	F8xR1
PVT.58	G8	Pickle	Rhizosphere	2	MoBio	AGCGGAGGTTAG	GATGTTCGCTAG	0.552	16S	F8	R2	F8xR2
PVT.59	F8	Pickle	Rhizosphere	3	MoBio	AGCGGAGGTTAG	CTATCTCCTGTC	0.728	16S	F8	R3	F8xR3
PVT.60	E8	Pickle	Rhizosphere	4	MoBio	AGCGGAGGTTAG	ACTCACAGGAAT	0.788	16S	F8	R4	F8xR4
PVT.61	D8	Pickle	Root	1	MoBio	AGCGGAGGTTAG	ATGATGAGCCTC	0.456	16S	F8	R5	F8xR5
PVT.62	C8	Pickle	Root	2	MoBio	AGCGGAGGTTAG	GTCGACAGAGGA	0.604	16S	F8	R6	F8xR6
PVT.63	B8	Pickle	Root	3	MoBio	AGCGGAGGTTAG	TGTCGCAAATAG	0.1776	16S	F8	R7	F8xR7
PVT.64	A8	Pickle	Root	4	MoBio	AGCGGAGGTTAG	CATCCCTCTACT	1.016	16S	F8	R8	F8xR8
PVT.65	H9	BFL	Rhizosphere	1	MoBio	ATCCTTTGGTTC	GGCCAGTTCCTA	1.052	16S	F9	R1	F9xR1
PVT.66	G9	BFL	Rhizosphere	2	MoBio	ATCCTTTGGTTC	GATGTTCGCTAG	0.756	16S	F9	R2	F9xR2
PVT.67	F9	BFL	Rhizosphere	3	MoBio	ATCCTTTGGTTC	CTATCTCCTGTC	0.3008	16S	F9	R3	F9xR3
PVT.68	E9	BFL	Rhizosphere	4	MoBio	ATCCTTTGGTTC	ACTCACAGGAAT	0.2264	16S	F9	R4	F9xR4
PVT.69	D9	BFL	Root	1	MoBio	ATCCTTTGGTTC	ATGATGAGCCTC	0.3108	16S	F9	R5	F9xR5
PVT.70	C9	BFL	Root	2	MoBio	ATCCTTTGGTTC	GTCGACAGAGGA	0.508	16S	F9	R6	F9xR6
PVT.71	B9	BFL	Root	3	MoBio	ATCCTTTGGTTC	TGTCGCAAATAG	0.338	16S	F9	R7	F9xR7
PVT.72	A9	BFL	Root	4	MoBio	ATCCTTTGGTTC	CATCCCTCTACT	0.516	16S	F9	R8	F9xR8
PVT.73	x	x	Iso	1	Homemade	x	x	0.3992	16S	F10	R1	F10xR1
PVT.74	x	x	Iso	2	Homemade	x	x	0.272	16S	F10	R2	F10xR2
PVT.75	x	x	Zymo	3	Homemade	x	x	0.564	16S	F10	R3	F10xR3